[geojson.io/index.html]
[geojson.io/lib/mapbox.js/latest/mapbox.css]
[geojson.io/css/font-awesome/css/font-awesome.min.css]
[geojson.io/css/fonts/mplus.css]
[backblue.gif]
[fade.gif]
[index.html]
[geojson.io/lib/draw/leaflet.draw.css]
[geojson.io/lib/codemirror/lib/codemirror.css]
[geojson.io/css/base.css]
[geojson.io/css/marker.css]
[geojson.io/css/github_browse.css]
[geojson.io/css/site.css]
[geojson.io/css/theme.css]
[geojson.io/img/favicon.png]
[geojson.io/dist/delegate.js]
[geojson.io/lib/raven.min.js]
[geojson.io/lib/mapbox.js/latest/mapbox.js]
[www.google-analytics.com/analytics.js]
[geojson.io/index.html]
[geojson.io/lib/mapbox.js/latest/images/icons-000000@2x.png]
[geojson.io/lib/mapbox.js/latest/images/icons-ffffff@2x.png]
[geojson.io/lib/mapbox.js/latest/mapbox.css]
[geojson.io/css/font-awesome/font/fontawesome-webfontf77b.eot]
[geojson.io/css/font-awesome/font/fontawesome-webfontf77b.woff]
[geojson.io/css/font-awesome/font/fontawesome-webfontd41d.eot]
[geojson.io/css/font-awesome/font/fontawesome-webfont.svg]
[geojson.io/css/font-awesome/css/font-awesome.min.css]
[geojson.io/dist/lib.js]
[geojson.io/css/fonts/mplus/mplus-1m-regular-webfont.eot]
[geojson.io/css/fonts/mplus/mplus-1m-regular-webfont.woff]
[geojson.io/css/fonts/mplus/mplus-1m-regular-webfontd41d.eot]
[geojson.io/css/fonts/mplus/mplus-1m-regular-webfont.svg]
[geojson.io/css/fonts/mplus.css]
[geojson.io/css/font-awesome/font/fontawesome-webfontf77b.ttf]
[geojson.io/lib/draw/images/spritesheet.png]
[geojson.io/lib/draw/images/spritesheet-2x.png]
[geojson.io/lib/draw/leaflet.draw.css]
[geojson.io/lib/codemirror/lib/codemirror.css]
[geojson.io/css/fonts/mplus/mplus-1m-regular-webfont.ttf]
[geojson.io/css/spinner.gif]
[geojson.io/css/base.css]
[geojson.io/css/marker.css]
[geojson.io/css/github_browse.css]
[geojson.io/css/site.css]
[geojson.io/css/theme.css]
[geojson.io/dist/site.js]
[geojson.io/css/font-awesome/font/fontawesome-webfont.svg]
[geojson.io/css/fonts/mplus/mplus-1m-regular-webfont.svg]
